// Jest Snapshot v1, https://goo.gl/fbAQLP

exports[`Should render EditExpensePage correctly 1`] = `
<div>
  Editing the expense with id of 
  2
  <ExpenseForm
    expense={
      Object {
        "amount": 1500,
        "createdAt": 0,
        "description": "Paid my last rent",
        "id": "2",
        "text": "Rent",
      }
    }
    onSubmit={[Function]}
  />
  <button
    onClick={[Function]}
  >
    Remove
  </button>
</div>
`;
